<?php // {"Nette/ordered_imports": true}

namespace Demo;

use Nette\Utils\Strings;
use function count, strlen;
use const DIRECTORY_SEPARATOR, PHP_EOL;

class Demo
{
	public function go(array $items): string
	{
		return Strings::upper((string) (count($items) + strlen('x'))) . PHP_EOL . DIRECTORY_SEPARATOR;
	}
}
