<?php // {"optimizedFunctionsOnly": false, "ignoredFunctions": ["dd", "dump"]}

namespace App;

use function count;

class MyClass
{
    public function run()
    {
        // This should be imported.
        $c = count([]);

        // These are ignored via config, should be left as is.
        \dd('debug');
        dump('debug');
    }
}
