<?php // {"optimizedFunctionsOnly": true, "includedConstants": ["PHP_*"]}

namespace App;

use App\Other;
use function count, is_array;
use const PHP_EOL, PHP_INT_MAX;

class MyClass
{
    public function run(array $items, Other $other)
    {
        if (is_array($items) && count($items) > 0) {
            echo implode(PHP_EOL, $items) . PHP_INT_MAX;
        }
    }
}
